[Bootstrap]
SetupTitle=Installation
SetupText=Copie des fichiers, veuillez patienter.
CabFile=EtaComp.CAB
Spawn=Setup1.exe
Uninstal=st6unst.exe
TmpDir=msftqws.pdw
Cabs=1

[Bootstrap Files]
File1=@VB6STKIT.DLL,$(WinSysPathSysFile),,,7/13/98 12:00:00 AM,102912,6.0.81.69
File2=@COMCAT.DLL,$(WinSysPathSysFile),$(DLLSelfRegister),,6/1/98 12:00:00 AM,22288,4.71.1460.1
File3=@VB6FR.DLL,$(WinSysPath),,$(Shared),7/13/98 12:00:00 AM,119568,5.0.81.69
File4=@STDOLE2.TLB,$(WinSysPathSysFile),$(TLBRegister),,10/27/98 11:28:38 AM,16896,2.40.4267.1
File5=@ASYCFILT.DLL,$(WinSysPathSysFile),,,10/27/98 2:55:58 PM,147728,2.40.4267.1
File6=@OLEPRO32.DLL,$(WinSysPathSysFile),$(DLLSelfRegister),,10/27/98 2:56:00 PM,164112,5.0.4267.1
File7=@OLEAUT32.DLL,$(WinSysPathSysFile),$(DLLSelfRegister),,10/27/98 2:55:56 PM,606480,2.40.4267.1
File8=@MSVBVM60.DLL,$(WinSysPathSysFile),$(DLLSelfRegister),,6/25/98 12:00:00 AM,1409024,6.0.81.76

[IconGroups]
Group0=EtaComp
PrivateGroup0=Faux
Parent0=$(Programs)

[EtaComp]
Icon1="EtaComp.exe"
Title1=EtaComp
StartIn1=$(AppPath)
Icon2="Help\Index.html"
Title2=Aide sur EtaComp
StartIn2=$(AppPath)\Help

[Setup]
Title=EtaComp
DefaultDir=$(ProgramFiles)\EtaComp
AppExe=EtaComp.exe
AppToUninstall=EtaComp.exe

[Setup1 Files]
File1=@Print_Header.jpg,$(AppPath)\Help\Images,,,10/15/02 12:05:56 PM,47589,0.0.0.0
File2=@StatusBarBeforeStart.jpg,$(AppPath)\Help\Images,,,10/21/02 9:32:42 AM,4511,0.0.0.0
File3=@StatusBarAfterStart.jpg,$(AppPath)\Help\Images,,,10/21/02 9:32:04 AM,5490,0.0.0.0
File4=@UpDown.jpg,$(AppPath)\Help\Images,,,10/15/02 4:13:46 PM,916,0.0.0.0
File5=@FrmGenTab2.jpg,$(AppPath)\Help\Images,,,10/23/02 7:52:00 AM,68237,0.0.0.0
File6=@Preview.jpg,$(AppPath)\Help\Images,,,10/23/02 1:12:58 PM,114791,0.0.0.0
File7=@LeftFrames.jpg,$(AppPath)\Help\Images,,,10/21/02 8:47:30 AM,23096,0.0.0.0
File8=@FrmSValues.jpg,$(AppPath)\Help\Images,,,10/14/02 7:48:04 AM,17034,0.0.0.0
File9=@FrmOptionsTab4.jpg,$(AppPath)\Help\Images,,,10/22/02 9:52:56 AM,25349,0.0.0.0
File10=@FrmOptionsTab3.jpg,$(AppPath)\Help\Images,,,10/15/02 10:45:02 AM,36458,0.0.0.0
File11=@FrmOptionsTab2.jpg,$(AppPath)\Help\Images,,,10/15/02 10:44:24 AM,27789,0.0.0.0
File12=@FrmOptionsTab1.jpg,$(AppPath)\Help\Images,,,10/22/02 4:04:30 PM,19996,0.0.0.0
File13=@FrmGenTab3.jpg,$(AppPath)\Help\Images,,,10/23/02 9:19:38 AM,56719,0.0.0.0
File14=@FrmGenTab2_70.jpg,$(AppPath)\Help\Images,,,10/23/02 7:50:48 AM,86953,0.0.0.0
File15=@Principe.jpg,$(AppPath)\Help\Images,,,10/10/02 3:13:12 PM,30002,0.0.0.0
File16=@Btn_New.jpg,$(AppPath)\Help\Images,,,10/21/02 8:39:04 AM,859,0.0.0.0
File17=@FrmGenFinal.jpg,$(AppPath)\Help\Images,,,10/23/02 2:20:56 PM,59853,0.0.0.0
File18=@FrmEnd.jpg,$(AppPath)\Help\Images,,,10/23/02 2:09:30 PM,9040,0.0.0.0
File19=@FDEndModify.jpg,$(AppPath)\Help\Images,,,10/23/02 11:01:50 AM,60706,0.0.0.0
File20=@EtaComp.jpg,$(AppPath)\Help\Images,,,9/17/02 10:41:50 AM,25678,0.0.0.0
File21=@EndOfFD.jpg,$(AppPath)\Help\Images,,,10/23/02 10:14:12 AM,9651,0.0.0.0
File22=@CmdRmvFD.jpg,$(AppPath)\Help\Images,,,10/23/02 9:24:22 AM,1073,0.0.0.0
File23=@CmdAddFD.jpg,$(AppPath)\Help\Images,,,10/23/02 9:22:02 AM,1102,0.0.0.0
File24=@Btn_Print.jpg,$(AppPath)\Help\Images,,,10/22/02 10:39:48 AM,881,0.0.0.0
File25=@Btn_Preview.jpg,$(AppPath)\Help\Images,,,10/22/02 10:43:46 AM,890,0.0.0.0
File26=@FrmGenStart.jpg,$(AppPath)\Help\Images,,,10/23/02 7:46:16 AM,56224,0.0.0.0
File27=@Puce1.gif,$(AppPath)\Help\Images,,,10/9/02 8:34:24 AM,520,0.0.0.0
File28=@Plan.gif,$(AppPath)\Help\Images,,,10/7/02 9:31:28 AM,9024,0.0.0.0
File29=@Ordinateur.gif,$(AppPath)\Help\Images,,,10/8/02 3:58:24 PM,5315,0.0.0.0
File30=@Options.gif,$(AppPath)\Help\Images,,,10/23/02 8:10:56 AM,5685,0.0.0.0
File31=@Final.gif,$(AppPath)\Help\Images,,,10/23/02 8:10:52 AM,10348,0.0.0.0
File32=@Courbe.gif,$(AppPath)\Help\Images,,,10/8/02 3:58:04 PM,3484,0.0.0.0
File33=@Controleur.gif,$(AppPath)\Help\Images,,,10/7/02 9:31:42 AM,4339,0.0.0.0
File34=@Calc.gif,$(AppPath)\Help\Images,,,10/7/02 9:31:36 AM,14873,0.0.0.0
File35=@Band.gif,$(AppPath)\Help\Images,,,10/9/02 7:57:46 AM,1467,0.0.0.0
File36=@EtaComp.dwt,$(AppPath)\Help\Templates,,,10/22/02 10:48:54 AM,480,0.0.0.0
File37=@Control.htm,$(AppPath)\Help,,,10/23/02 3:22:30 PM,9121,0.0.0.0
File38=@Serial.htm,$(AppPath)\Help,,,10/23/02 1:57:52 PM,9000,0.0.0.0
File39=@Print.htm,$(AppPath)\Help,,,10/23/02 3:15:20 PM,3363,0.0.0.0
File40=@Options.htm,$(AppPath)\Help,,,10/23/02 8:26:40 AM,7430,0.0.0.0
File41=@Index.html,$(AppPath)\Help,,,10/10/02 3:08:18 PM,368,0.0.0.0
File42=@General.htm,$(AppPath)\Help,,,10/23/02 8:02:48 AM,5390,0.0.0.0
File43=@First.htm,$(AppPath)\Help,,,10/23/02 8:23:24 AM,1412,0.0.0.0
File44=@Final.htm,$(AppPath)\Help,,,10/23/02 3:16:52 PM,13697,0.0.0.0
File45=@Fidelity.htm,$(AppPath)\Help,,,10/23/02 1:55:40 PM,8356,0.0.0.0
File46=@Summary.htm,$(AppPath)\Help,,,10/21/02 10:13:30 AM,1289,0.0.0.0
File47=@EtaComp.avi,$(AppPath)\System,,,9/17/02 11:08:22 AM,2763776,0.0.0.0
File48=@tips.dat,$(AppPath)\System,,,10/24/02 8:19:58 AM,1739,0.0.0.0
File49=@CMDLGFR.DLL,$(WinSysPath),,$(Shared),7/13/98 12:00:00 AM,32768,6.0.81.63
File50=@COMDLG32.OCX,$(WinSysPath),$(DLLSelfRegister),$(Shared),6/24/98 12:00:00 AM,140096,6.0.81.69
File51=@DBRPRFR.DLL,$(WinSysPath),,$(Shared),7/13/98 12:00:00 AM,33280,6.0.81.63
File52=@STDFTFR.DLL,$(WinSysPath),,$(Shared),7/13/98 12:00:00 AM,6656,6.0.81.63
File53=@MSSTDFMT.DLL,$(WinSysPath),$(DLLSelfRegister),$(Shared),6/18/98 12:00:00 AM,118784,6.0.81.69
File54=@MSDBRPTR.DLL,$(WinSysPath),$(DLLSelfRegister),$(Shared),6/18/98 12:00:00 AM,299008,6.0.81.69
File55=@MSHFGFR.DLL,$(WinSysPath),,$(Shared),7/13/98 12:00:00 AM,51200,6.0.30.5
File56=@MSHFLXGD.OCX,$(WinSysPath),$(DLLSelfRegister),$(Shared),6/24/98 12:00:00 AM,407104,6.0.30.5
File57=@MSCOMFR.DLL,$(WinSysPath),,$(Shared),7/13/98 12:00:00 AM,13824,6.0.81.63
File58=@MSCOMM32.OCX,$(WinSysPath),$(DLLSelfRegister),$(Shared),6/24/98 12:00:00 AM,103744,6.0.81.69
File59=@MSCC2FR.DLL,$(WinSysPath),,$(Shared),7/13/98 12:00:00 AM,59904,6.0.81.63
File60=@MSCOMCT2.OCX,$(WinSysPath),$(DLLSelfRegister),$(Shared),6/26/98 12:00:00 AM,644400,6.0.81.77
File61=@MSCH2FR.DLL,$(WinSysPath),,$(Shared),7/13/98 12:00:00 AM,107520,6.0.81.63
File62=@MSCHRT20.OCX,$(WinSysPath),$(DLLSelfRegister),$(Shared),6/26/98 12:00:00 AM,1008432,6.0.81.77
File63=@MSCMCFR.DLL,$(WinSysPath),,$(Shared),7/13/98 12:00:00 AM,141312,6.0.81.63
File64=@MSCOMCTL.OCX,$(WinSysPath),$(DLLSelfRegister),$(Shared),6/26/98 12:00:00 AM,1062704,6.0.81.77
File65=@EtaComp.exe,$(AppPath),,,10/24/02 9:42:02 AM,376832,1.0.0.0

; Il est possible de supprimer les lignes suivantes afin de libérer 
; de l'espace pour personnaliser ce fichier sur une disquette d'installation 
; complète.
; 
; XXXXXXXXXXXXXXXXXXXXXXXXXXXXXXXXXXXXXXXXXXXXXXXXXXXXXXXXXXXX
; XXXXXXXXXXXXXXXXXXXXXXXXXXXXXXXXXXXXXXXXXXXXXXXXXXXXXXXXXXXX
; XXXXXXXXXXXXXXXXXXXXXXXXXXXXXXXXXXXXXXXXXXXXXXXXXXXXXXXXXXXX
; XXXXXXXXXXXXXXXXXXXXXXXXXXXXXXXXXXXXXXXXXXXXXXXXXXXXXXXXXXXX
; XXXXXXXXXXXXXXXXXXXXXXXXXXXXXXXXXXXXXXXXXXXXXXXXXXXXXXXXXXXX
; XXXXXXXXXXXXXXXXXXXXXXXXXXXXXXXXXXXXXXXXXXXXXXXXXXXXXXXXXXXX
; XXXXXXXXXXXXXXXXXXXXXXXXXXXXXXXXXXXXXXXXXXXXXXXXXXXXXXXXXXXX
; XXXXXXXXXXXXXXXXXXXXXXXXXXXXXXXXXXXXXXXXXXXXXXXXXXXXXXXXXXXX
; XXXXXXXXXXXXXXXXXXXXXXXXXXXXXXXXXXXXXXXXXXXXXXXXXXXXXXXXXXXX
; XXXXXXXXXXXXXXXXXXXXXXXXXXXXXXXXXXXXXXXXXXXXXXXXXXXXXXXXXXXX
; XXXXXXXXXXXXXXXXXXXXXXXXXXXXXXXXXXXXXXXXXXXXXXXXXXXXXXXXXXXX
; XXXXXXXXXXXXXXXXXXXXXXXXXXXXXXXXXXXXXXXXXXXXXXXXXXXXXXXXXXXX
; XXXXXXXXXXXXXXXXXXXXXXXXXXXXXXXXXXXXXXXXXXXXXXXXXXXXXXXXXXXX
; XXXXXXXXXXXXXXXXXXXXXXXXXXXXXXXXXXXXXXXXXXXXXXXXXXXXXXXXXXXX
; XXXXXXXXXXXXXXXXXXXXXXXXXXXXXXXXXXXXXXXXXXXXXXXXXXXXXXXXXXXX
; XXXXXXXXXXXXXXXXXXXXXXXXXXXXXXXXXXXXXXXXXXXXXXXXXXXXXXXXXXXX
; XXXXXXXXXXXXXXXXXXXXXXXXXXXXXXXXXXXXXXXXXXXXXXXXXXXXXXXXXXXX
; XXXXXXXXXXXXXXXXXXXXXXXXXXXXXXXXXXXXXXXXXXXXXXXXXXXXXXXXXXXX
; XXXXXXXXXXXXXXXXXXXXXXXXXXXXXXXXXXXXXXXXXXXXXXXXXXXXXXXXXXXX
; XXXXXXXXXXXXXXXXXXXXXXXXXXXXXXXXXXXXXXXXXXXXXXXXXXXXXXXXXXXX
; XXXXXXXXXXXXXXXXXXXXXXXXXXXXXXXXXXXXXXXXXXXXXXXXXXXXXXXXXXXX
; XXXXXXXXXXXXXXXXXXXXXXXXXXXXXXXXXXXXXXXXXXXXXXXXXXXXXXXXXXXX
; XXXXXXXXXXXXXXXXXXXXXXXXXXXXXXXXXXXXXXXXXXXXXXXXXXXXXXXXXXXX
; XXXXXXXXXXXXXXXXXXXXXXXXXXXXXXXXXXXXXXXXXXXXXXXXXXXXXXXXXXXX
; XXXXXXXXXXXXXXXXXXXXXXXXXXXXXXXXXXXXXXXXXXXXXXXXXXXXXXXXXXXX
; XXXXXXXXXXXXXXXXXXXXXXXXXXXXXXXXXXXXXXXXXXXXXXXXXXXXXXXXXXXX
; XXXXXXXXXXXXXXXXXXXXXXXXXXXXXXXXXXXXXXXXXXXXXXXXXXXXXXXXXXXX
; XXXXXXXXXXXXXXXXXXXXXXXXXXXXXXXXXXXXXXXXXXXXXXXXXXXXXXXXXXXX
; XXXXXXXXXXXXXXXXXXXXXXXXXXXXXXXXXXXXXXXXXXXXXXXXXXXXXXXXXXXX
; XXXXXXXXXXXXXXXXXXXXXXXXXXXXXXXXXXXXXXXXXXXXXXXXXXXXXXXXXXXX
; XXXXXXXXXXXXXXXXXXXXXXXXXXXXXXXXXXXXXXXXXXXXXXXXXXXXXXXXXXXX
; XXXXXXXXXXXXXXXXXXXXXXXXXXXXXXXXXXXXXXXXXXXXXXXXXXXXXXXXXXXX
; XXXXXXXXXXXXXXXXXXXXXXXXXXXXXXXXXXXXXXXXXXXXXXXXXXXXXXXXXXXX
; XXXXXXXXXXXXXXXXXXXXXXXXXXXXXXXXXXXXXXXXXXXXXXXXXXXXXXXXXXXX
; XXXXXXXXXXXXXXXXXXXXXXXXXXXXXXXXXXXXXXXXXXXXXXXXXXXXXXXXXXXX
